ARM Linker, 4.1 [Build 481] [Standard]

==============================================================================

Section Cross References

    startup_lpc17xx.o(STACKS) refers (Special) to heapauxi.o(.text) for __use_two_region_memory
    startup_lpc17xx.o(HEAP) refers (Special) to heapauxi.o(.text) for __use_two_region_memory
    startup_lpc17xx.o(RESET) refers (Special) to heapauxi.o(.text) for __use_two_region_memory
    startup_lpc17xx.o(RESET) refers to startup_lpc17xx.o(STACKS) for __initial_sp
    startup_lpc17xx.o(RESET) refers to startup_lpc17xx.o(.ARM.__at_0x02FC) for Reset_Handler
    startup_lpc17xx.o(RESET) refers to eeprom.o(.text) for SysTick_Handler
    startup_lpc17xx.o(RESET) refers to timer.o(.text) for TIMER0_IRQHandler
    startup_lpc17xx.o(RESET) refers to mcp2515.o(.text) for EINT1_IRQHandler
    startup_lpc17xx.o(RESET) refers to pos.o(.text) for EINT3_IRQHandler
    startup_lpc17xx.o(RESET) refers to can.o(.text) for CAN_IRQHandler
    startup_lpc17xx.o(.ARM.__at_0x02FC) refers (Special) to heapauxi.o(.text) for __use_two_region_memory
    startup_lpc17xx.o(.ARM.__at_0x02FC) refers to __main.o(!!!main) for __main
    startup_lpc17xx.o(.ARM.__at_0x02FC) refers to startup_lpc17xx.o(HEAP) for Heap_Mem
    startup_lpc17xx.o(.ARM.__at_0x02FC) refers to startup_lpc17xx.o(STACKS) for Stack_Mem
    arrival.o(.text) refers to can.o(.text) for send_hse_state
    arrival.o(.text) refers to pos.o(.text) for check_ilu_ild
    arrival.o(.text) refers to call.o(.text) for get_call
    arrival.o(.text) refers to history.o(.text) for write_errorhist
    arrival.o(.text) refers to state.o(.text) for set_state
    arrival.o(.text) refers to can_a.o(.text) for door_command
    arrival.o(.text) refers to cycle.o(.text) for cycle
    arrival.o(.text) refers to sp_trip.o(.text) for special_trip
    arrival.o(.text) refers to drive.o(.text) for emergency_stop
    arrival.o(.text) refers to io.o(.text) for fan_on
    arrival.o(.text) refers to parameter.o(.data) for calls_off
    arrival.o(.text) refers to parameter.o(.data) for doordelay
    arrival.o(.text) refers to parameter.o(.data) for door_zone
    arrival.o(.text) refers to parameter.o(.data) for dooropenerrorfloor
    arrival.o(.text) refers to parameter.o(SRAM) for p
    arrival.o(.text) refers to parameter.o(.data) for timer
    arrival.o(.text) refers to parameter.o(.data) for ct
    arrival.o(.text) refers to parameter.o(.data) for doornew
    arrival.o(.text) refers to parameter.o(.data) for landingcalldir
    arrival.o(.text) refers to parameter.o(.data) for calltype
    arrival.o(.text) refers to parameter.o(.data) for calldir
    arrival.o(.text) refers to parameter.o(.data) for fault_signal
    arrival.o(.text) refers to parameter.o(.data) for out_of_order
    arrival.o(.text) refers to parameter.o(.data) for target_floor
    arrival.o(.text) refers to parameter.o(.data) for callfloor
    arrival.o(.text) refers to parameter.o(.data) for callpriority
    arrival.o(.text) refers to parameter.o(.data) for firealarmfloor
    arrival.o(.text) refers to parameter.o(.data) for calldoors
    arrival.o(.text) refers to io.o(.data) for msi_trans_check
    arrival.o(.text) refers to io.o(.data) for msi_trans_num
    arrival.o(.text) refers to parameter.o(.data) for general_error
    arrival.o(.text) refers to parameter.o(.data) for hse_state
    arrival.o(.text) refers to parameter.o(.data) for dz_input
    arrival.o(.text) refers to parameter.o(.data) for adv_door_op_dly
    arrival.o(.text) refers to parameter.o(.data) for level
    arrival.o(.text) refers to nice5000.o(.data) for nice5000_Rstore_feedspd
    arrival.o(.text) refers to parameter.o(.data) for triperrorcount
    arrival.o(.text) refers to parameter.o(.data) for emp_power
    arrival.o(.text) refers to parameter.o(.data) for she_calldoor_double
    arrival.o(.text) refers to parameter.o(.data) for she_calldir
    arrival.o(.text) refers to parameter.o(.data) for door_off
    arrival.o(.text) refers to parameter.o(.data) for firedoormode
    arrival.o(.text) refers to parameter.o(.data) for doorstate
    arrival.o(.text) refers to parameter.o(.data) for gongoutputenable
    call.o(.text) refers to can.o(.text) for set_out
    call.o(.text) refers to parameter.o(.data) for calldir
    call.o(.text) refers to parameter.o(.data) for callfloor
    call.o(.text) refers to parameter.o(.data) for calltype
    call.o(.text) refers to parameter.o(.data) for calldoors
    call.o(.text) refers to parameter.o(.data) for next_calltime
    call.o(.text) refers to parameter.o(.data) for next_callfloor
    call.o(.text) refers to parameter.o(.data) for next_calltype
    call.o(.text) refers to parameter.o(.data) for next_calldoors
    call.o(.text) refers to parameter.o(.data) for calltype_old
    call.o(.text) refers to parameter.o(.data) for callfloor_old
    call.o(.text) refers to parameter.o(.data) for calldoors_old
    call.o(.text) refers to call.o(.bss) for .bss
[...]
    ese_heartbeat                            0x10005ac0   Data          16  parameter.o(.bss)
    floorcount                               0x10005b00   Data         110  parameter.o(.bss)
    floortried                               0x10005b80   Data          55  parameter.o(.bss)
    enable_carcall                           0x10005bc0   Data          55  parameter.o(.bss)
    disable_carcall                          0x10005c00   Data          55  parameter.o(.bss)
    enable_hallcall                          0x10005c40   Data          55  parameter.o(.bss)
    disable_hallcall                         0x10005c80   Data          55  parameter.o(.bss)
    floor_higth                              0x10005cc0   Data         110  parameter.o(.bss)
    floor_record_fg                          0x10005d40   Data          55  parameter.o(.bss)
    exe_para                                 0x10005d80   Data         448  parameter.o(.bss)
    adbuff                                   0x10005f40   Data          20  temperature.o(.bss)
    __libspace_start                         0x10005f54   Data          96  libspace.o(.bss)
    __temporary_stack_top$libspace           0x10005fb4   Data           0  libspace.o(.bss)
    p                                        0x2007c000   Data       17304  parameter.o(SRAM)
    errorhist                                0x200803c0   Data        6404  parameter.o(SRAM)
    hist                                     0x20081d00   Data        6404  parameter.o(SRAM)
    pattern                                  0x20083fe0   Data           2  main.o(NOINIT_RAM)



==============================================================================

Memory Map of the image

  Image Entry point : 0x000000cd

  Load Region LR_IROM1 (Base: 0x00000000, Size: 0x00036df4, Max: 0x00080000, ABSOLUTE, COMPRESSED[0x00036928])

    Execution Region ER_IROM1 (Base: 0x00000000, Size: 0x000368a4, Max: 0x0007ffff, ABSOLUTE)

    Base Addr    Size         Type   Attr      Idx    E Section Name        Object

    0x00000000   0x000000cc   Code   RO            3    RESET               startup_lpc17xx.o
    0x000000cc   0x00000008   Code   RO         1728  * !!!main             c_w.l(__main.o)(c_w.l)
    0x000000d4   0x00000034   Code   RO         1998    !!!scatter          c_w.l(__scatter.o)(c_w.l)
    0x00000108   0x0000005a   Code   RO         1996    !!dczerorl2         c_w.l(__dczerorl2.o)(c_w.l)
    0x00000162   0x00000002   PAD
    0x00000164   0x0000001c   Code   RO         2000    !!handler_zi        c_w.l(__scatter_zi.o)(c_w.l)
    0x00000180   0x00000000   Code   RO         1711    .ARM.Collect$$_printf_percent$$00000000  c_w.l(_printf_percent.o)(c_w.l)
    0x00000180   0x00000006   Code   RO         1710    .ARM.Collect$$_printf_percent$$00000003  c_w.l(_printf_f.o)(c_w.l)
    0x00000186   0x00000006   Code   RO         1708    .ARM.Collect$$_printf_percent$$00000009  c_w.l(_printf_d.o)(c_w.l)
    0x0000018c   0x00000006   Code   RO         1709    .ARM.Collect$$_printf_percent$$0000000A  c_w.l(_printf_u.o)(c_w.l)
    0x00000192   0x00000006   Code   RO         1707    .ARM.Collect$$_printf_percent$$0000000C  c_w.l(_printf_x.o)(c_w.l)
    0x00000198   0x00000006   Code   RO         1705    .ARM.Collect$$_printf_percent$$00000013  c_w.l(_printf_c.o)(c_w.l)
    0x0000019e   0x00000006   Code   RO         1706    .ARM.Collect$$_printf_percent$$00000014  c_w.l(_printf_s.o)(c_w.l)
    0x000001a4   0x00000004   Code   RO         1768    .ARM.Collect$$_printf_percent$$00000017  c_w.l(_printf_percent_end.o)(c_w.l)
    0x000001a8   0x00000006   Code   RO         1866    .ARM.Collect$$libinit$$00000000  c_w.l(libinit.o)(c_w.l)
    0x000001ae   0x00000000   Code   RO         1869    .ARM.Collect$$libinit$$00000006  c_w.l(libinit2.o)(c_w.l)
    0x000001ae   0x00000000   Code   RO         1871    .ARM.Collect$$libinit$$00000008  c_w.l(libinit2.o)(c_w.l)
    0x000001ae   0x00000000   Code   RO         1873    .ARM.Collect$$libinit$$0000000A  c_w.l(libinit2.o)(c_w.l)
    0x000001ae   0x00000006   Code   RO         1874    .ARM.Collect$$libinit$$0000000B  c_w.l(libinit2.o)(c_w.l)
    0x000001b4   0x00000000   Code   RO         1876    .ARM.Collect$$libinit$$0000000D  c_w.l(libinit2.o)(c_w.l)
    0x000001b4   0x0000000c   Code   RO         1877    .ARM.Collect$$libinit$$0000000E  c_w.l(libinit2.o)(c_w.l)
    0x000001c0   0x00000000   Code   RO         1878    .ARM.Collect$$libinit$$0000000F  c_w.l(libinit2.o)(c_w.l)
    0x000001c0   0x00000000   Code   RO         1880    .ARM.Collect$$libinit$$00000011  c_w.l(libinit2.o)(c_w.l)
    0x000001c0   0x0000000a   Code   RO         1881    .ARM.Collect$$libinit$$00000012  c_w.l(libinit2.o)(c_w.l)
    0x000001ca   0x00000000   Code   RO         1882    .ARM.Collect$$libinit$$00000013  c_w.l(libinit2.o)(c_w.l)
    0x000001ca   0x00000000   Code   RO         1884    .ARM.Collect$$libinit$$00000015  c_w.l(libinit2.o)(c_w.l)
    0x000001ca   0x00000000   Code   RO         1886    .ARM.Collect$$libinit$$00000017  c_w.l(libinit2.o)(c_w.l)
    0x000001ca   0x00000000   Code   RO         1888    .ARM.Collect$$libinit$$00000019  c_w.l(libinit2.o)(c_w.l)
    0x000001ca   0x00000000   Code   RO         1890    .ARM.Collect$$libinit$$0000001B  c_w.l(libinit2.o)(c_w.l)
    0x000001ca   0x00000000   Code   RO         1892    .ARM.Collect$$libinit$$0000001D  c_w.l(libinit2.o)(c_w.l)
    0x000001ca   0x00000000   Code   RO         1894    .ARM.Collect$$libinit$$0000001F  c_w.l(libinit2.o)(c_w.l)
    0x000001ca   0x00000000   Code   RO         1896    .ARM.Collect$$libinit$$00000021  c_w.l(libinit2.o)(c_w.l)
    0x000001ca   0x00000000   Code   RO         1900    .ARM.Collect$$libinit$$00000028  c_w.l(libinit2.o)(c_w.l)
    0x000001ca   0x00000000   Code   RO         1902    .ARM.Collect$$libinit$$0000002A  c_w.l(libinit2.o)(c_w.l)
    0x000001ca   0x00000000   Code   RO         1904    .ARM.Collect$$libinit$$0000002C  c_w.l(libinit2.o)(c_w.l)
    0x000001ca   0x00000000   Code   RO         1906    .ARM.Collect$$libinit$$0000002E  c_w.l(libinit2.o)(c_w.l)
    0x000001ca   0x00000002   Code   RO         1907    .ARM.Collect$$libinit$$0000002F  c_w.l(libinit2.o)(c_w.l)
    0x000001cc   0x00000002   Code   RO         1946    .ARM.Collect$$libshutdown$$00000000  c_w.l(libshutdown.o)(c_w.l)
    0x000001ce   0x00000000   Code   RO         1957    .ARM.Collect$$libshutdown$$00000003  c_w.l(libshutdown2.o)(c_w.l)
    0x000001ce   0x00000000   Code   RO         1960    .ARM.Collect$$libshutdown$$00000006  c_w.l(libshutdown2.o)(c_w.l)
    0x000001ce   0x00000000   Code   RO         1963    .ARM.Collect$$libshutdown$$00000009  c_w.l(libshutdown2.o)(c_w.l)
    0x000001ce   0x00000000   Code   RO         1965    .ARM.Collect$$libshutdown$$0000000B  c_w.l(libshutdown2.o)(c_w.l)
    0x000001ce   0x00000000   Code   RO         1968    .ARM.Collect$$libshutdown$$0000000E  c_w.l(libshutdown2.o)(c_w.l)
    0x000001ce   0x00000002   Code   RO         1969    .ARM.Collect$$libshutdown$$0000000F  c_w.l(libshutdown2.o)(c_w.l)
    0x000001d0   0x00000000   Code   RO         1756    .ARM.Collect$$rtentry$$00000000  c_w.l(rtentry.o)(c_w.l)
    0x000001d0   0x00000000   Code   RO         1785    .ARM.Collect$$rtentry$$00000002  c_w.l(rtentry2.o)(c_w.l)
    0x000001d0   0x00000006   Code   RO         1800    .ARM.Collect$$rtentry$$00000004  c_w.l(rtentry4.o)(c_w.l)
    0x000001d6   0x00000000   Code   RO         1787    .ARM.Collect$$rtentry$$00000009  c_w.l(rtentry2.o)(c_w.l)
    0x000001d6   0x00000004   Code   RO         1788    .ARM.Collect$$rtentry$$0000000A  c_w.l(rtentry2.o)(c_w.l)
    0x000001da   0x00000000   Code   RO         1790    .ARM.Collect$$rtentry$$0000000C  c_w.l(rtentry2.o)(c_w.l)
    0x000001da   0x00000008   Code   RO         1791    .ARM.Collect$$rtentry$$0000000D  c_w.l(rtentry2.o)(c_w.l)
    0x000001e2   0x00000002   Code   RO         1908    .ARM.Collect$$rtexit$$00000000  c_w.l(rtexit.o)(c_w.l)
    0x000001e4   0x00000000   Code   RO         1918    .ARM.Collect$$rtexit$$00000002  c_w.l(rtexit2.o)(c_w.l)
    0x000001e4   0x00000004   Code   RO         1919    .ARM.Collect$$rtexit$$00000003  c_w.l(rtexit2.o)(c_w.l)
    0x000001e8   0x00000006   Code   RO         1920    .ARM.Collect$$rtexit$$00000004  c_w.l(rtexit2.o)(c_w.l)
    0x000001ee   0x00000002   PAD
    0x000001f0   0x0000001a   Code   RO          618    .emb_text           main.o
    0x0000020a   0x00000002   PAD
    0x0000020c   0x000000ec   Code   RO          251    .text               door_op.o
    0x000002f8   0x00000002   Code   RO         1947    .text               c_w.l(use_no_semi.o)(c_w.l)
    0x000002fa   0x00000000   Code   RO         1783    x$fpl$usenofp       fz_ws.l(usenofp.o)(fz_ws.l)
    0x000002fa   0x00000002   Data   RO         1627    ER_IROM2            version.o
    0x000002fc   0x00000038   Code   RO            4    .ARM.__at_0x02FC    startup_lpc17xx.o
    0x00000334   0x00000410   Code   RO           12    .text               arrival.o
    0x00000744   0x0000121e   Code   RO           73    .text               call.o
    0x00001962   0x00000002   PAD
    0x00001964   0x00000cfc   Code   RO           93    .text               can.o
    0x00002660   0x00000e8c   Code   RO          116    .text               can_a.o
    0x000034ec   0x00000910   Code   RO          146    .text               can_b.o
    0x00003dfc   0x00000594   Code   RO          158    .text               can_c.o
    0x00004390   0x00000384   Code   RO          175    .text               can_err.o
    0x00004714   0x00002a1c   Code   RO          188    .text               cycle.o
    0x00007130   0x00000654   Code   RO          223    .text               dict.o
    0x00007784   0x000004bc   Code   RO          236    .text               diving.o
    0x00007c40   0x000000c4   Code   RO          263    .text               doortest.o
    0x00007d04   0x00000140   Code   RO          275    .text               drive.o
    0x00007e44   0x000003a8   Code   RO          287    .text               drv_err.o
    0x000081ec   0x00000404   Code   RO          299    .text               eeprom.o
    0x000085f0   0x00000684   Code   RO          329    .text               em_op.o
    0x00008c74   0x00000238   Code   RO          341    .text               err_rel.o
    0x00008eac   0x00000868   Code   RO          353    .text               error.o
    0x00009714   0x000007b8   Code   RO          365    .text               ese.o
    0x00009ecc   0x000003ec   Code   RO          382    .text               evac.o
    0x0000a2b8   0x000004d4   Code   RO          394    .text               exe.o
    0x0000a78c   0x00000148   Code   RO          411    .text               hb_err.o
    0x0000a8d4   0x000005f8   Code   RO          423    .text               history.o
    0x0000aecc   0x00000cc4   Code   RO          443    .text               hwtest.o
    0x0000bb90   0x0000018c   Code   RO          461    .text               i2c.o
    0x0000bd1c   0x000007c0   Code   RO          473    .text               init.o
    0x0000c4dc   0x000015b8   Code   RO          489    .text               input.o
    0x0000da94   0x00000450   Code   RO          502    .text               insp.o
    0x0000dee4   0x00001b08   Code   RO          514    .text               io.o
    0x0000f9ec   0x00002818   Code   RO          577    .text               lcd.o
    0x00012204   0x000001c0   Code   RO          598    .text               load.o
    0x000123c4   0x00001064   Code   RO          619    .text               main.o
    0x00013428   0x000007a0   Code   RO          639    .text               mcp2515.o
    0x00013bc8   0x00006054   Code   RO          655    .text               menu.o
    0x00019c1c   0x000001a0   Code   RO          683    .text               moving.o
    0x00019dbc   0x00001a50   Code   RO          695    .text               nice5000.o
    0x0001b80c   0x00000064   Code   RO          724    .text               no_setup.o
    0x0001b870   0x00000088   Code   RO          736    .text               parameter.o
    0x0001b8f8   0x00000430   Code   RO         1245    .text               pos.o
    0x0001bd28   0x000001f0   Code   RO         1268    .text               relev.o
    0x0001bf18   0x00000438   Code   RO         1281    .text               res_trip.o
    0x0001c350   0x000002cc   Code   RO         1293    .text               rtc.o
    0x0001c61c   0x000001cc   Code   RO         1316    .text               sc_error.o
    0x0001c7e8   0x00001660   Code   RO         1328    .text               set_para.o
    0x0001de48   0x000005dc   Code   RO         1340    .text               sp_trip.o
    0x0001e424   0x00000504   Code   RO         1353    .text               start.o
    0x0001e928   0x00000bdc   Code   RO         1366    .text               state.o
    0x0001f504   0x00001f74   Code   RO         1385    .text               still.o
    0x00021478   0x00000554   Code   RO         1399    .text               teach.o
    0x000219cc   0x000000d4   Code   RO         1411    .text               temperature.o
    0x00021aa0   0x00000164   Code   RO         1430    .text               term.o
    0x00021c04   0x00001ae0   Code   RO         1442    .text               test.o
    0x000236e4   0x00000ff4   Code   RO         1593    .text               timer.o
    0x000246d8   0x0000054c   Code   RO         1606    .text               tse.o
    0x00024c24   0x00000048   Code   RO         1640    .text               wait.o
    0x00024c6c   0x0000002c   Code   RO         1654    .text               c_w.l(__2sprintf.o)(c_w.l)
    0x00024c98   0x00000050   Code   RO         1660    .text               c_w.l(_printf_pad.o)(c_w.l)
    0x00024ce8   0x00000052   Code   RO         1662    .text               c_w.l(_printf_str.o)(c_w.l)
    0x00024d3a   0x00000002   PAD
    0x00024d3c   0x00000074   Code   RO         1664    .text               c_w.l(_printf_dec.o)(c_w.l)
    0x00024db0   0x0000005c   Code   RO         1669    .text               c_w.l(_printf_hex_int.o)(c_w.l)
    0x00024e0c   0x0000019c   Code   RO         1702    .text               c_w.l(__printf_flags_ss_wp.o)(c_w.l)
    0x00024fa8   0x0000003c   Code   RO         1712    .text               c_w.l(__0sscanf.o)(c_w.l)
    0x00024fe4   0x0000014e   Code   RO         1714    .text               c_w.l(_scanf_int.o)(c_w.l)
    0x00025132   0x00000048   Code   RO         1716    .text               c_w.l(strcpy.o)(c_w.l)
    0x0002517a   0x0000003e   Code   RO         1718    .text               c_w.l(strlen.o)(c_w.l)
    0x000251b8   0x00000064   Code   RO         1720    .text               c_w.l(rt_memcpy_w.o)(c_w.l)
    0x0002521c   0x00000044   Code   RO         1722    .text               c_w.l(rt_memclr.o)(c_w.l)
    0x00025260   0x0000004e   Code   RO         1724    .text               c_w.l(rt_memclr_w.o)(c_w.l)
    0x000252ae   0x00000006   Code   RO         1726    .text               c_w.l(heapauxi.o)(c_w.l)
    0x000252b4   0x000000b4   Code   RO         1758    .text               c_w.l(_printf_intcommon.o)(c_w.l)
    0x00025368   0x0000040e   Code   RO         1760    .text               c_w.l(_printf_fp_dec.o)(c_w.l)
    0x00025776   0x00000002   PAD
    0x00025778   0x00000030   Code   RO         1762    .text               c_w.l(_printf_char_common.o)(c_w.l)
    0x000257a8   0x0000000a   Code   RO         1764    .text               c_w.l(_sputc.o)(c_w.l)
    0x000257b2   0x0000002c   Code   RO         1766    .text               c_w.l(_printf_char.o)(c_w.l)
    0x000257de   0x00000020   Code   RO         1769    .text               c_w.l(_chval.o)(c_w.l)
    0x000257fe   0x00000002   PAD
    0x00025800   0x00000030   Code   RO         1771    .text               c_w.l(scanf_char.o)(c_w.l)
    0x00025830   0x00000040   Code   RO         1773    .text               c_w.l(_sgetc.o)(c_w.l)
    0x00025870   0x00000010   Code   RO         1775    .text               c_w.l(rtudiv10.o)(c_w.l)
    0x00025880   0x0000000c   Code   RO         1805    .text               c_w.l(rt_locale_intlibspace.o)(c_w.l)
    0x0002588c   0x0000008a   Code   RO         1807    .text               c_w.l(lludiv10.o)(c_w.l)
    0x00025916   0x00000012   Code   RO         1809    .text               c_w.l(isspace.o)(c_w.l)
    0x00025928   0x0000007c   Code   RO         1811    .text               c_w.l(_printf_fp_infnan.o)(c_w.l)
    0x000259a4   0x00000388   Code   RO         1815    .text               c_w.l(_scanf.o)(c_w.l)
    0x00025d2c   0x000000ec   Code   RO         1817    .text               c_w.l(bigflt0.o)(c_w.l)
    0x00025e18   0x00000008   Code   RO         1849    .text               c_w.l(libspace.o)(c_w.l)
    0x00025e20   0x0000004a   Code   RO         1852    .text               c_w.l(sys_stackheap_outer.o)(c_w.l)
    0x00025e6a   0x00000002   PAD
    0x00025e6c   0x00000010   Code   RO         1854    .text               c_w.l(rt_ctype_table.o)(c_w.l)
    0x00025e7c   0x0000000c   Code   RO         1856    .text               c_w.l(exit.o)(c_w.l)
    0x00025e88   0x00000080   Code   RO         1858    .text               c_w.l(strcmpv7m.o)(c_w.l)
    0x00025f08   0x0000000c   Code   RO         1928    .text               c_w.l(rt_fp_status_addr_intlibspace.o)(c_w.l)
    0x00025f14   0x0000000c   Code   RO         1936    .text               c_w.l(sys_exit.o)(c_w.l)
    0x00025f20   0x0000003e   Code   RO         1820    CL$$btod_d2e        c_w.l(btod.o)(c_w.l)
    0x00025f5e   0x00000046   Code   RO         1822    CL$$btod_d2e_denorm_low  c_w.l(btod.o)(c_w.l)
    0x00025fa4   0x00000060   Code   RO         1821    CL$$btod_d2e_norm_op1  c_w.l(btod.o)(c_w.l)
    0x00026004   0x00000338   Code   RO         1830    CL$$btod_div_common  c_w.l(btod.o)(c_w.l)
    0x0002633c   0x000000c6   Code   RO         1827    CL$$btod_e2e        c_w.l(btod.o)(c_w.l)
    0x00026402   0x00000028   Code   RO         1824    CL$$btod_ediv       c_w.l(btod.o)(c_w.l)
    0x0002642a   0x00000028   Code   RO         1823    CL$$btod_emul       c_w.l(btod.o)(c_w.l)
    0x00026452   0x00000244   Code   RO         1829    CL$$btod_mult_common  c_w.l(btod.o)(c_w.l)
    0x00026696   0x0000000a   Code   RO          559    i.__ARM_common_memclr4_8  io.o
    0x000266a0   0x0000000a   Code   RO          557    i.__ARM_common_memcpy4_5  io.o
    0x000266aa   0x00000028   Code   RO         1847    i.__ARM_fpclassify  m_ws.l(fpclassify.o)(m_ws.l)
    0x000266d2   0x00000002   PAD
    0x000266d4   0x0000002c   Code   RO         1843    locale$$code        c_w.l(lc_numeric_c.o)(c_w.l)
    0x00026700   0x0000002c   Code   RO         1911    locale$$code        c_w.l(lc_ctype_c.o)(c_w.l)
    0x0002672c   0x0000000c   Code   RO         1777    x$fpl$dretinf       fz_ws.l(dretinf.o)(fz_ws.l)
    0x00026738   0x00000056   Code   RO         1730    x$fpl$f2d           fz_ws.l(f2d.o)(fz_ws.l)
    0x0002678e   0x00000002   PAD
    0x00026790   0x000000c4   Code   RO         1732    x$fpl$fadd          fz_ws.l(faddsub_clz.o)(fz_ws.l)
    0x00026854   0x00000184   Code   RO         1739    x$fpl$fdiv          fz_ws.l(fdiv.o)(fz_ws.l)
    0x000269d8   0x0000003e   Code   RO         1742    x$fpl$ffixu         fz_ws.l(ffixu.o)(fz_ws.l)
    0x00026a16   0x00000002   PAD
    0x00026a18   0x00000026   Code   RO         1746    x$fpl$ffltu         fz_ws.l(fflt_clz.o)(fz_ws.l)
    0x00026a3e   0x00000002   PAD
    0x00026a40   0x00000102   Code   RO         1752    x$fpl$fmul          fz_ws.l(fmul.o)(fz_ws.l)
    0x00026b42   0x0000008c   Code   RO         1779    x$fpl$fnaninf       fz_ws.l(fnaninf.o)(fz_ws.l)
    0x00026bce   0x0000000e   Code   RO         1915    x$fpl$fpinit        fz_ws.l(fpinit.o)(fz_ws.l)
    0x00026bdc   0x0000000a   Code   RO         1781    x$fpl$fretinf       fz_ws.l(fretinf.o)(fz_ws.l)
    0x00026be6   0x00000002   PAD
    0x00026be8   0x000000ea   Code   RO         1734    x$fpl$fsub          fz_ws.l(faddsub_clz.o)(fz_ws.l)
    0x00026cd2   0x00000004   Code   RO         1754    x$fpl$printf1       fz_ws.l(printf1.o)(fz_ws.l)
    0x00026cd6   0x00000002   PAD
    0x00026cd8   0x00000084   Data   RO          189    .constdata          cycle.o
    0x00026d5c   0x000001b8   Data   RO          237    .constdata          diving.o
    0x00026f14   0x00000090   Data   RO          366    .constdata          ese.o
    0x00026fa4   0x00000080   Data   RO          395    .constdata          exe.o
    0x00027024   0x00000210   Data   RO          474    .constdata          init.o
    0x00027234   0x000006b0   Data   RO          517    .constdata          io.o
    0x000278e4   0x000001ab   Data   RO          579    .constdata          lcd.o
    0x00027a8f   0x00000001   PAD
    0x00027a90   0x00000040   Data   RO          640    .constdata          mcp2515.o
    0x00027ad0   0x000013a0   Data   RO          698    .constdata          nice5000.o
    0x00028e70   0x00000004   Data   RO          767    .constdata          parameter.o
    0x00028e74   0x0000000e   Data   RO          768    .constdata          parameter.o
    0x00028e82   0x00000002   PAD
    0x00028e84   0x000001d8   Data   RO         1367    .constdata          state.o
    0x0002905c   0x00000804   Data   RO         1456    .constdata          text.o
    0x00029860   0x00000770   Data   RO         1457    .constdata          text.o
    0x00029fd0   0x000001f8   Data   RO         1458    .constdata          text.o
    0x0002a1c8   0x000006e0   Data   RO         1459    .constdata          text.o
    0x0002a8a8   0x00000080   Data   RO         1460    .constdata          text.o
    0x0002a928   0x00000360   Data   RO         1461    .constdata          text.o
    0x0002ac88   0x000000b0   Data   RO         1462    .constdata          text.o
    0x0002ad38   0x00000460   Data   RO         1463    .constdata          text.o
    0x0002b198   0x00000050   Data   RO         1464    .constdata          text.o
    0x0002b1e8   0x00000050   Data   RO         1466    .constdata          text.o
    0x0002b238   0x00000080   Data   RO         1467    .constdata          text.o
    0x0002b2b8   0x00000070   Data   RO         1468    .constdata          text.o
    0x0002b328   0x00000050   Data   RO         1469    .constdata          text.o
    0x0002b378   0x00000260   Data   RO         1470    .constdata          text.o
    0x0002b5d8   0x00000210   Data   RO         1471    .constdata          text.o
    0x0002b7e8   0x00000090   Data   RO         1472    .constdata          text.o
    0x0002b878   0x00000060   Data   RO         1473    .constdata          text.o
    0x0002b8d8   0x00000050   Data   RO         1474    .constdata          text.o
    0x0002b928   0x00000050   Data   RO         1475    .constdata          text.o
    0x0002b978   0x00000040   Data   RO         1476    .constdata          text.o
    0x0002b9b8   0x00000030   Data   RO         1477    .constdata          text.o
    0x0002b9e8   0x00000040   Data   RO         1478    .constdata          text.o
    0x0002ba28   0x00000060   Data   RO         1479    .constdata          text.o
    0x0002ba88   0x00000040   Data   RO         1480    .constdata          text.o
    0x0002bac8   0x00000020   Data   RO         1481    .constdata          text.o
    0x0002bae8   0x00000018   Data   RO         1482    .constdata          text.o
    0x0002bb00   0x00000040   Data   RO         1483    .constdata          text.o
    0x0002bb40   0x00000040   Data   RO         1484    .constdata          text.o
    0x0002bb80   0x00000040   Data   RO         1485    .constdata          text.o
    0x0002bbc0   0x00000040   Data   RO         1486    .constdata          text.o
    0x0002bc00   0x00000040   Data   RO         1487    .constdata          text.o
    0x0002bc40   0x00000010   Data   RO         1488    .constdata          text.o
    0x0002bc50   0x00000010   Data   RO         1489    .constdata          text.o
    0x0002bc60   0x00000018   Data   RO         1490    .constdata          text.o
    0x0002bc78   0x00000040   Data   RO         1491    .constdata          text.o
    0x0002bcb8   0x00000018   Data   RO         1492    .constdata          text.o
    0x0002bcd0   0x00006c90   Data   RO         1493    .constdata          text.o
    0x00032960   0x00000018   Data   RO         1495    .constdata          text.o
    0x00032978   0x00000018   Data   RO         1496    .constdata          text.o
    0x00032990   0x00000038   Data   RO         1498    .constdata          text.o
    0x000329c8   0x00000020   Data   RO         1499    .constdata          text.o
    0x000329e8   0x00000040   Data   RO         1500    .constdata          text.o
    0x00032a28   0x00000068   Data   RO         1501    .constdata          text.o
    0x00032a90   0x00000050   Data   RO         1502    .constdata          text.o
    0x00032ae0   0x00000018   Data   RO         1503    .constdata          text.o
    0x00032af8   0x00000018   Data   RO         1504    .constdata          text.o
    0x00032b10   0x00000060   Data   RO         1505    .constdata          text.o
    0x00032b70   0x00000028   Data   RO         1507    .constdata          text.o
    0x00032b98   0x00000020   Data   RO         1508    .constdata          text.o
    0x00032bb8   0x00000108   Data   RO         1509    .constdata          text.o
    0x00032cc0   0x00000028   Data   RO         1510    .constdata          text.o
    0x00032ce8   0x00000028   Data   RO         1511    .constdata          text.o
    0x00032d10   0x00000018   Data   RO         1512    .constdata          text.o
    0x00032d28   0x00000018   Data   RO         1513    .constdata          text.o
    0x00032d40   0x00000020   Data   RO         1517    .constdata          text.o
    0x00032d60   0x00000020   Data   RO         1518    .constdata          text.o
    0x00032d80   0x000000a0   Data   RO         1607    .constdata          tse.o
    0x00032e20   0x00000028   Data   RO         1670    .constdata          c_w.l(_printf_hex_int.o)(c_w.l)
    0x00032e48   0x00000011   Data   RO         1703    .constdata          c_w.l(__printf_flags_ss_wp.o)(c_w.l)
    0x00032e59   0x00000003   PAD
    0x00032e5c   0x00000094   Data   RO         1818    .constdata          c_w.l(bigflt0.o)(c_w.l)
    0x00032ef0   0x0000021c   Data   RO          518    .conststring        io.o
    0x0003310c   0x000007ce   Data   RO         1519    .conststring        text.o
    0x000338da   0x000006f8   Data   RO         1520    .conststring        text.o
    0x00033fd2   0x00000232   Data   RO         1521    .conststring        text.o
    0x00034204   0x000003c6   Data   RO         1522    .conststring        text.o
    0x000345ca   0x0000002d   Data   RO         1523    .conststring        text.o
    0x000345f7   0x00000141   Data   RO         1524    .conststring        text.o
    0x00034738   0x00000118   Data   RO         1525    .conststring        text.o
    0x00034850   0x00000010   Data   RO         1526    .conststring        text.o
    0x00034860   0x00000005   Data   RO         1528    .conststring        text.o
    0x00034865   0x00000016   Data   RO         1529    .conststring        text.o
    0x0003487b   0x0000001e   Data   RO         1530    .conststring        text.o
    0x00034899   0x00000033   Data   RO         1531    .conststring        text.o
    0x000348cc   0x0000015f   Data   RO         1532    .conststring        text.o
    0x00034a2b   0x000000c3   Data   RO         1533    .conststring        text.o
    0x00034aee   0x00000056   Data   RO         1534    .conststring        text.o
    0x00034b44   0x0000000b   Data   RO         1535    .conststring        text.o
    0x00034b4f   0x00000014   Data   RO         1536    .conststring        text.o
    0x00034b63   0x00000030   Data   RO         1537    .conststring        text.o
    0x00034b93   0x00000003   Data   RO         1538    .conststring        text.o
    0x00034b96   0x00000019   Data   RO         1539    .conststring        text.o
    0x00034baf   0x00000025   Data   RO         1540    .conststring        text.o
    0x00034bd4   0x00000032   Data   RO         1541    .conststring        text.o
    0x00034c06   0x00000018   Data   RO         1542    .conststring        text.o
    0x00034c1e   0x0000001a   Data   RO         1543    .conststring        text.o
    0x00034c38   0x0000000e   Data   RO         1544    .conststring        text.o
    0x00034c46   0x00000034   Data   RO         1545    .conststring        text.o
    0x00034c7a   0x0000000b   Data   RO         1546    .conststring        text.o
    0x00034c85   0x00000007   Data   RO         1550    .conststring        text.o
    0x00034c8c   0x0000000f   Data   RO         1551    .conststring        text.o
    0x00034c9b   0x00000027   Data   RO         1553    .conststring        text.o
    0x00034cc2   0x00000017   Data   RO         1554    .conststring        text.o
    0x00034cd9   0x000017dd   Data   RO         1555    .conststring        text.o
    0x000364b6   0x0000000d   Data   RO         1557    .conststring        text.o
    0x000364c3   0x0000002a   Data   RO         1560    .conststring        text.o
    0x000364ed   0x00000014   Data   RO         1561    .conststring        text.o
    0x00036501   0x0000001c   Data   RO         1562    .conststring        text.o
    0x0003651d   0x00000030   Data   RO         1563    .conststring        text.o
    0x0003654d   0x00000037   Data   RO         1564    .conststring        text.o
    0x00036584   0x00000008   Data   RO         1565    .conststring        text.o
    0x0003658c   0x0000000f   Data   RO         1567    .conststring        text.o
    0x0003659b   0x00000022   Data   RO         1569    .conststring        text.o
    0x000365bd   0x00000010   Data   RO         1570    .conststring        text.o
    0x000365cd   0x0000010c   Data   RO         1571    .conststring        text.o
    0x000366d9   0x00000007   Data   RO         1572    .conststring        text.o
    0x000366e0   0x00000006   Data   RO         1573    .conststring        text.o
    0x000366e6   0x0000000b   Data   RO         1574    .conststring        text.o
    0x000366f1   0x00000010   Data   RO         1575    .conststring        text.o
    0x00036701   0x0000000e   Data   RO         1580    .conststring        text.o
    0x0003670f   0x00000001   PAD
    0x00036710   0x00000010   Data   RO         1623    ER_IROM2            version.o
    0x00036720   0x00000006   Data   RO         1624    ER_IROM2            version.o
    0x00036726   0x00000006   Data   RO         1625    ER_IROM2            version.o
    0x0003672c   0x00000006   Data   RO         1626    ER_IROM2            version.o
    0x00036732   0x00000002   PAD
    0x00036734   0x00000004   Data   RO         1628    ER_IROM2            version.o
    0x00036738   0x00000040   Data   RO         1994    Region$$Table       anon$$obj.o
    0x00036778   0x0000001c   Data   RO         1842    locale$$data        c_w.l(lc_numeric_c.o)(c_w.l)
    0x00036794   0x00000110   Data   RO         1910    locale$$data        c_w.l(lc_ctype_c.o)(c_w.l)


    Execution Region STACKS (Base: 0x10000000, Size: 0x00001000, Max: 0x00001000, ABSOLUTE)

    Base Addr    Size         Type   Attr      Idx    E Section Name        Object

    0x10000000   0x00001000   Zero   RW            1    STACKS              startup_lpc17xx.o


    Execution Region RAM (Base: 0x10001000, Size: 0x00004fb8, Max: 0x00007000, ABSOLUTE, COMPRESSED[0x00000080])

    Base Addr    Size         Type   Attr      Idx    E Section Name        Object

    0x10001000   0x00000004   Data   RW           94    .data               can.o
    0x10001004   0x00000002   Data   RW          117    .data               can_a.o
    0x10001006   0x00000002   PAD
    0x10001008   0x00000008   Data   RW          159    .data               can_c.o
    0x10001010   0x0000003c   Data   RW          190    .data               cycle.o
    0x1000104c   0x00000008   Data   RW          301    .data               eeprom.o
    0x10001054   0x00000010   Data   RW          367    .data               ese.o
    0x10001064   0x0000000c   Data   RW          396    .data               exe.o
    0x10001070   0x0000002c   Data   RW          445    .data               hwtest.o
    0x1000109c   0x00000001   Data   RW          475    .data               init.o
    0x1000109d   0x00000003   PAD
    0x100010a0   0x00000008   Data   RW          490    .data               input.o
    0x100010a8   0x00000001   Data   RW          519    .data               io.o
    0x100010a9   0x00000003   PAD
    0x100010ac   0x00000004   Data   RW          520    .data               io.o
    0x100010b0   0x00000004   Data   RW          521    .data               io.o
    0x100010b4   0x00000034   Data   RW          522    .data               io.o
    0x100010e8   0x00000001   Data   RW          523    .data               io.o
    0x100010e9   0x00000001   Data   RW          524    .data               io.o
    0x100010ea   0x00000001   Data   RW          525    .data               io.o
    0x100010eb   0x00000001   Data   RW          526    .data               io.o
    0x100010ec   0x00000001   Data   RW          527    .data               io.o
    0x100010ed   0x00000003   PAD
    0x100010f0   0x00000004   Data   RW          528    .data               io.o
    0x100010f4   0x00000001   Data   RW          529    .data               io.o
    0x100010f5   0x00000001   Data   RW          530    .data               io.o
    0x100010f6   0x00000001   Data   RW          531    .data               io.o
    0x100010f7   0x00000001   Data   RW          532    .data               io.o
    0x100010f8   0x00000001   Data   RW          533    .data               io.o
    0x100010f9   0x00000003   PAD
    0x100010fc   0x00000004   Data   RW          534    .data               io.o
    0x10001100   0x00000001   Data   RW          535    .data               io.o
    0x10001101   0x00000001   Data   RW          536    .data               io.o
    0x10001102   0x00000001   Data   RW          537    .data               io.o
    0x10001103   0x00000001   Data   RW          538    .data               io.o
    0x10001104   0x00000001   Data   RW          539    .data               io.o
    0x10001105   0x00000003   PAD
    0x10001108   0x00000004   Data   RW          540    .data               io.o
    0x1000110c   0x00000002   Data   RW          541    .data               io.o
    0x1000110e   0x00000001   Data   RW          542    .data               io.o
    0x1000110f   0x00000001   Data   RW          543    .data               io.o
    0x10001110   0x00000001   Data   RW          544    .data               io.o
    0x10001111   0x00000001   Data   RW          545    .data               io.o
    0x10001112   0x00000003   Data   RW          580    .data               lcd.o
    0x10001115   0x00000003   PAD
    0x10001118   0x00000010   Data   RW          600    .data               load.o
    0x10001128   0x00000004   Data   RW          620    .data               main.o
    0x1000112c   0x0000003c   Data   RW          661    .data               menu.o
    0x10001168   0x000000aa   Data   RW          700    .data               nice5000.o
    0x10001212   0x00000001   Data   RW          701    .data               nice5000.o
    0x10001213   0x00000001   Data   RW          702    .data               nice5000.o
    0x10001214   0x00000004   Data   RW          703    .data               nice5000.o
    0x10001218   0x00000002   Data   RW          704    .data               nice5000.o
    0x1000121a   0x00000002   Data   RW          705    .data               nice5000.o
    0x1000121c   0x00000002   Data   RW          706    .data               nice5000.o
    0x1000121e   0x00000001   Data   RW          769    .data               parameter.o
    0x1000121f   0x00000001   PAD
    0x10001220   0x00000004   Data   RW          770    .data               parameter.o
    0x10001224   0x00000004   Data   RW          771    .data               parameter.o
    0x10001228   0x00000001   Data   RW          772    .data               parameter.o
    0x10001229   0x00000003   PAD
    0x1000122c   0x00000004   Data   RW          773    .data               parameter.o
    0x10001230   0x00000001   Data   RW          774    .data               parameter.o
    0x10001231   0x00000001   Data   RW          775    .data               parameter.o
    0x10001232   0x00000001   Data   RW          776    .data               parameter.o
    0x10001233   0x00000001   Data   RW          777    .data               parameter.o
    0x10001234   0x00000001   Data   RW          778    .data               parameter.o
    0x10001235   0x00000001   Data   RW          779    .data               parameter.o
    0x10001236   0x00000001   Data   RW          780    .data               parameter.o
    0x10001237   0x00000001   Data   RW          781    .data               parameter.o
    0x10001238   0x00000001   Data   RW          782    .data               parameter.o
    0x10001239   0x00000001   Data   RW          783    .data               parameter.o
    0x1000123a   0x00000001   Data   RW          784    .data               parameter.o
    0x1000123b   0x00000001   Data   RW          785    .data               parameter.o
    0x1000123c   0x00000001   Data   RW          786    .data               parameter.o
    0x1000123d   0x00000001   Data   RW          787    .data               parameter.o
    0x1000123e   0x00000001   Data   RW          788    .data               parameter.o
    0x1000123f   0x00000001   Data   RW          789    .data               parameter.o
    0x10001240   0x00000001   Data   RW          790    .data               parameter.o
    0x10001241   0x00000001   Data   RW          791    .data               parameter.o
    0x10001242   0x00000001   Data   RW          792    .data               parameter.o
    0x10001243   0x00000001   Data   RW          793    .data               parameter.o
    0x10001244   0x00000001   Data   RW          794    .data               parameter.o
    0x10001245   0x00000001   Data   RW          795    .data               parameter.o
    0x10001246   0x00000001   Data   RW          796    .data               parameter.o
    0x10001247   0x00000001   Data   RW          797    .data               parameter.o
    0x10001248   0x00000001   Data   RW          798    .data               parameter.o
    0x10001249   0x00000001   Data   RW          799    .data               parameter.o
    0x1000124a   0x00000001   Data   RW          800    .data               parameter.o
    0x1000124b   0x00000001   Data   RW          802    .data               parameter.o
    0x1000124c   0x00000001   Data   RW          803    .data               parameter.o
    0x1000124d   0x00000001   Data   RW          804    .data               parameter.o
    0x1000124e   0x00000001   Data   RW          805    .data               parameter.o
    0x1000124f   0x00000001   Data   RW          806    .data               parameter.o
    0x10001250   0x00000001   Data   RW          807    .data               parameter.o
    0x10001251   0x00000001   Data   RW          808    .data               parameter.o
    0x10001252   0x00000001   Data   RW          809    .data               parameter.o
    0x10001253   0x00000001   Data   RW          810    .data               parameter.o
    0x10001254   0x00000001   Data   RW          811    .data               parameter.o
    0x10001255   0x00000001   Data   RW          812    .data               parameter.o
    0x10001256   0x00000001   Data   RW          813    .data               parameter.o
    0x10001257   0x00000001   Data   RW          814    .data               parameter.o
    0x10001258   0x00000004   Data   RW          815    .data               parameter.o
    0x1000125c   0x00000001   Data   RW          816    .data               parameter.o
    0x1000125d   0x00000001   Data   RW          817    .data               parameter.o
    0x1000125e   0x00000001   Data   RW          818    .data               parameter.o
    0x1000125f   0x00000001   Data   RW          819    .data               parameter.o
    0x10001260   0x00000001   Data   RW          820    .data               parameter.o
    0x10001261   0x00000001   Data   RW          821    .data               parameter.o
    0x10001262   0x00000001   Data   RW          822    .data               parameter.o
    0x10001263   0x00000001   Data   RW          823    .data               parameter.o
    0x10001264   0x00000001   Data   RW          824    .data               parameter.o
    0x10001265   0x00000001   Data   RW          825    .data               parameter.o
    0x10001266   0x00000001   Data   RW          826    .data               parameter.o
    0x10001267   0x00000001   Data   RW          827    .data               parameter.o
    0x10001268   0x00000004   Data   RW          828    .data               parameter.o
    0x1000126c   0x00000001   Data   RW          829    .data               parameter.o
    0x1000126d   0x00000001   Data   RW          830    .data               parameter.o
    0x1000126e   0x00000001   Data   RW          831    .data               parameter.o
    0x1000126f   0x00000001   Data   RW          832    .data               parameter.o
    0x10001270   0x00000001   Data   RW          833    .data               parameter.o
    0x10001271   0x00000001   Data   RW          834    .data               parameter.o
    0x10001272   0x00000001   Data   RW          835    .data               parameter.o
    0x10001273   0x00000001   Data   RW          836    .data               parameter.o
    0x10001274   0x00000001   Data   RW          837    .data               parameter.o
    0x10001275   0x00000001   Data   RW          840    .data               parameter.o
    0x10001276   0x00000002   PAD
    0x10001278   0x00000004   Data   RW          841    .data               parameter.o
    0x1000127c   0x00000004   Data   RW          842    .data               parameter.o
    0x10001280   0x00000004   Data   RW          843    .data               parameter.o
    0x10001284   0x00000001   Data   RW          844    .data               parameter.o
    0x10001285   0x00000001   Data   RW          845    .data               parameter.o
    0x10001286   0x00000002   PAD
    0x10001288   0x00000004   Data   RW          846    .data               parameter.o
    0x1000128c   0x00000001   Data   RW          847    .data               parameter.o
    0x1000128d   0x00000001   PAD
    0x1000128e   0x00000002   Data   RW          848    .data               parameter.o
    0x10001290   0x00000002   Data   RW          849    .data               parameter.o
    0x10001292   0x00000002   Data   RW          850    .data               parameter.o
    0x10001294   0x00000002   Data   RW          851    .data               parameter.o
    0x10001296   0x00000001   Data   RW          852    .data               parameter.o
    0x10001297   0x00000001   PAD
    0x10001298   0x00000002   Data   RW          853    .data               parameter.o
    0x1000129a   0x00000001   Data   RW          854    .data               parameter.o
    0x1000129b   0x00000001   PAD
    0x1000129c   0x00000002   Data   RW          855    .data               parameter.o
    0x1000129e   0x00000002   PAD
    0x100012a0   0x00000004   Data   RW          856    .data               parameter.o
    0x100012a4   0x00000002   Data   RW          857    .data               parameter.o
    0x100012a6   0x00000002   Data   RW          858    .data               parameter.o
    0x100012a8   0x00000001   Data   RW          859    .data               parameter.o
    0x100012a9   0x00000001   Data   RW          860    .data               parameter.o
    0x100012aa   0x00000001   Data   RW          861    .data               parameter.o
    0x100012ab   0x00000001   Data   RW          862    .data               parameter.o
    0x100012ac   0x00000001   Data   RW          863    .data               parameter.o
    0x100012ad   0x00000001   Data   RW          864    .data               parameter.o
    0x100012ae   0x00000001   Data   RW          865    .data               parameter.o
    0x100012af   0x00000001   Data   RW          866    .data               parameter.o
    0x100012b0   0x00000001   Data   RW          867    .data               parameter.o
    0x100012b1   0x00000001   Data   RW          868    .data               parameter.o
    0x100012b2   0x00000002   Data   RW          869    .data               parameter.o
    0x100012b4   0x00000001   Data   RW          870    .data               parameter.o
    0x100012b5   0x00000001   Data   RW          871    .data               parameter.o
    0x100012b6   0x00000001   Data   RW          872    .data               parameter.o
    0x100012b7   0x00000001   Data   RW          873    .data               parameter.o
    0x100012b8   0x00000001   Data   RW          874    .data               parameter.o
    0x100012b9   0x00000001   Data   RW          875    .data               parameter.o
    0x100012ba   0x00000001   Data   RW          876    .data               parameter.o
    0x100012bb   0x00000001   Data   RW          877    .data               parameter.o
    0x100012bc   0x00000001   Data   RW          878    .data               parameter.o
    0x100012bd   0x00000001   Data   RW          879    .data               parameter.o
    0x100012be   0x00000001   Data   RW          880    .data               parameter.o
    0x100012bf   0x00000001   Data   RW          881    .data               parameter.o
    0x100012c0   0x00000001   Data   RW          882    .data               parameter.o
    0x100012c1   0x00000001   Data   RW          883    .data               parameter.o
    0x100012c2   0x00000001   Data   RW          884    .data               parameter.o
    0x100012c3   0x00000001   Data   RW          885    .data               parameter.o
    0x100012c4   0x00000001   Data   RW          886    .data               parameter.o
    0x100012c5   0x00000001   Data   RW          887    .data               parameter.o
    0x100012c6   0x00000001   Data   RW          888    .data               parameter.o
    0x100012c7   0x00000001   Data   RW          889    .data               parameter.o
    0x100012c8   0x00000001   Data   RW          890    .data               parameter.o
    0x100012c9   0x00000001   Data   RW          891    .data               parameter.o
    0x100012ca   0x00000001   Data   RW          892    .data               parameter.o
    0x100012cb   0x00000001   Data   RW          893    .data               parameter.o
    0x100012cc   0x00000001   Data   RW          894    .data               parameter.o
    0x100012cd   0x00000001   Data   RW          895    .data               parameter.o
    0x100012ce   0x00000001   Data   RW          896    .data               parameter.o
    0x100012cf   0x00000001   Data   RW          897    .data               parameter.o
    0x100012d0   0x00000001   Data   RW          898    .data               parameter.o
    0x100012d1   0x00000001   Data   RW          899    .data               parameter.o
    0x100012d2   0x00000001   Data   RW          900    .data               parameter.o
    0x100012d3   0x00000001   Data   RW          901    .data               parameter.o
    0x100012d4   0x00000001   Data   RW          902    .data               parameter.o
    0x100012d5   0x00000001   Data   RW          903    .data               parameter.o
    0x100012d6   0x00000002   PAD
    0x100012d8   0x00000004   Data   RW          904    .data               parameter.o
    0x100012dc   0x00000004   Data   RW          905    .data               parameter.o
    0x100012e0   0x00000001   Data   RW          906    .data               parameter.o
    0x100012e1   0x00000001   Data   RW          907    .data               parameter.o
    0x100012e2   0x00000001   Data   RW          908    .data               parameter.o
    0x100012e3   0x00000001   PAD
    0x100012e4   0x00000004   Data   RW          909    .data               parameter.o
    0x100012e8   0x00000001   Data   RW          910    .data               parameter.o
    0x100012e9   0x00000001   Data   RW          911    .data               parameter.o
    0x100012ea   0x00000001   Data   RW          912    .data               parameter.o
    0x100012eb   0x00000001   Data   RW          913    .data               parameter.o
    0x100012ec   0x00000001   Data   RW          914    .data               parameter.o
    0x100012ed   0x00000001   Data   RW          915    .data               parameter.o
    0x100012ee   0x00000001   Data   RW          916    .data               parameter.o
    0x100012ef   0x00000001   Data   RW          917    .data               parameter.o
    0x100012f0   0x00000001   Data   RW          918    .data               parameter.o
    0x100012f1   0x00000001   Data   RW          919    .data               parameter.o
    0x100012f2   0x00000001   Data   RW          920    .data               parameter.o
    0x100012f3   0x00000001   Data   RW          921    .data               parameter.o
    0x100012f4   0x00000001   Data   RW          922    .data               parameter.o
    0x100012f5   0x00000001   Data   RW          923    .data               parameter.o
    0x100012f6   0x00000001   Data   RW          924    .data               parameter.o
    0x100012f7   0x00000001   PAD
    0x100012f8   0x00000008   Data   RW          925    .data               parameter.o
    0x10001300   0x00000001   Data   RW          926    .data               parameter.o
    0x10001301   0x00000001   Data   RW          927    .data               parameter.o
    0x10001302   0x00000001   Data   RW          928    .data               parameter.o
    0x10001303   0x00000001   Data   RW          929    .data               parameter.o
    0x10001304   0x00000001   Data   RW          930    .data               parameter.o
    0x10001305   0x00000001   Data   RW          931    .data               parameter.o
    0x10001306   0x00000001   Data   RW          932    .data               parameter.o
    0x10001307   0x00000001   Data   RW          933    .data               parameter.o
    0x10001308   0x00000001   Data   RW          934    .data               parameter.o
    0x10001309   0x00000001   Data   RW          935    .data               parameter.o
    0x1000130a   0x00000001   Data   RW          936    .data               parameter.o
    0x1000130b   0x00000001   Data   RW          937    .data               parameter.o
    0x1000130c   0x00000002   Data   RW          938    .data               parameter.o
    0x1000130e   0x00000001   Data   RW          939    .data               parameter.o
    0x1000130f   0x00000001   Data   RW          940    .data               parameter.o
    0x10001310   0x00000001   Data   RW          941    .data               parameter.o
    0x10001311   0x00000001   Data   RW          942    .data               parameter.o
    0x10001312   0x00000001   Data   RW          943    .data               parameter.o
    0x10001313   0x00000001   Data   RW          944    .data               parameter.o
    0x10001314   0x00000004   Data   RW          945    .data               parameter.o
    0x10001318   0x00000004   Data   RW          946    .data               parameter.o
    0x1000131c   0x00000004   Data   RW          947    .data               parameter.o
    0x10001320   0x00000001   Data   RW          948    .data               parameter.o
    0x10001321   0x00000001   Data   RW          949    .data               parameter.o
    0x10001322   0x00000001   Data   RW          950    .data               parameter.o
    0x10001323   0x00000001   Data   RW          951    .data               parameter.o
    0x10001324   0x00000001   Data   RW          952    .data               parameter.o
    0x10001325   0x00000001   Data   RW          953    .data               parameter.o
    0x10001326   0x00000001   Data   RW          954    .data               parameter.o
    0x10001327   0x00000001   Data   RW          955    .data               parameter.o
    0x10001328   0x00000001   Data   RW          956    .data               parameter.o
    0x10001329   0x00000001   Data   RW          957    .data               parameter.o
    0x1000132a   0x00000001   Data   RW          958    .data               parameter.o
    0x1000132b   0x00000001   Data   RW          959    .data               parameter.o
    0x1000132c   0x00000001   Data   RW          960    .data               parameter.o
    0x1000132d   0x00000001   Data   RW          961    .data               parameter.o
    0x1000132e   0x00000001   Data   RW          962    .data               parameter.o
    0x1000132f   0x00000001   Data   RW          963    .data               parameter.o
    0x10001330   0x00000001   Data   RW          964    .data               parameter.o
    0x10001331   0x00000001   Data   RW          966    .data               parameter.o
    0x10001332   0x00000001   Data   RW          967    .data               parameter.o
    0x10001333   0x00000001   Data   RW          969    .data               parameter.o
    0x10001334   0x00000001   Data   RW          970    .data               parameter.o
    0x10001335   0x00000001   Data   RW          971    .data               parameter.o
    0x10001336   0x00000001   Data   RW          972    .data               parameter.o
    0x10001337   0x00000001   Data   RW          973    .data               parameter.o
    0x10001338   0x00000001   Data   RW          974    .data               parameter.o
    0x10001339   0x00000001   Data   RW          975    .data               parameter.o
    0x1000133a   0x00000001   Data   RW          976    .data               parameter.o
    0x1000133b   0x00000001   Data   RW          977    .data               parameter.o
    0x1000133c   0x00000001   Data   RW          978    .data               parameter.o
    0x1000133d   0x00000001   Data   RW          979    .data               parameter.o
    0x1000133e   0x00000001   Data   RW          980    .data               parameter.o
    0x1000133f   0x00000001   Data   RW          981    .data               parameter.o
    0x10001340   0x00000001   Data   RW          982    .data               parameter.o
    0x10001341   0x00000001   Data   RW          984    .data               parameter.o
    0x10001342   0x00000001   Data   RW          987    .data               parameter.o
    0x10001343   0x00000001   Data   RW          988    .data               parameter.o
    0x10001344   0x00000001   Data   RW          989    .data               parameter.o
    0x10001345   0x00000001   PAD
    0x10001346   0x00000002   Data   RW          990    .data               parameter.o
    0x10001348   0x00000001   Data   RW          991    .data               parameter.o
    0x10001349   0x00000001   Data   RW          992    .data               parameter.o
    0x1000134a   0x00000001   Data   RW          993    .data               parameter.o
    0x1000134b   0x00000001   Data   RW          994    .data               parameter.o
    0x1000134c   0x00000001   Data   RW          995    .data               parameter.o
    0x1000134d   0x00000001   Data   RW          996    .data               parameter.o
    0x1000134e   0x00000001   Data   RW          997    .data               parameter.o
    0x1000134f   0x00000001   Data   RW          998    .data               parameter.o
    0x10001350   0x00000001   Data   RW          999    .data               parameter.o
    0x10001351   0x00000001   Data   RW         1000    .data               parameter.o
    0x10001352   0x00000001   Data   RW         1001    .data               parameter.o
    0x10001353   0x00000001   Data   RW         1002    .data               parameter.o
    0x10001354   0x00000001   Data   RW         1003    .data               parameter.o
    0x10001355   0x00000001   Data   RW         1004    .data               parameter.o
    0x10001356   0x00000001   Data   RW         1005    .data               parameter.o
    0x10001357   0x00000001   Data   RW         1006    .data               parameter.o
    0x10001358   0x00000001   Data   RW         1007    .data               parameter.o
    0x10001359   0x00000001   Data   RW         1008    .data               parameter.o
    0x1000135a   0x00000001   Data   RW         1009    .data               parameter.o
    0x1000135b   0x00000001   PAD
    0x1000135c   0x00000004   Data   RW         1010    .data               parameter.o
    0x10001360   0x00000001   Data   RW         1011    .data               parameter.o
    0x10001361   0x00000001   Data   RW         1012    .data               parameter.o
    0x10001362   0x00000001   Data   RW         1013    .data               parameter.o
    0x10001363   0x00000001   Data   RW         1014    .data               parameter.o
    0x10001364   0x00000001   Data   RW         1015    .data               parameter.o
    0x10001365   0x00000001   Data   RW         1016    .data               parameter.o
    0x10001366   0x00000002   Data   RW         1017    .data               parameter.o
    0x10001368   0x00000001   Data   RW         1018    .data               parameter.o
    0x10001369   0x00000001   Data   RW         1019    .data               parameter.o
    0x1000136a   0x00000001   Data   RW         1020    .data               parameter.o
    0x1000136b   0x00000001   Data   RW         1021    .data               parameter.o
    0x1000136c   0x00000001   Data   RW         1022    .data               parameter.o
    0x1000136d   0x00000001   Data   RW         1023    .data               parameter.o
    0x1000136e   0x00000001   Data   RW         1024    .data               parameter.o
    0x1000136f   0x00000001   Data   RW         1025    .data               parameter.o
    0x10001370   0x00000001   Data   RW         1026    .data               parameter.o
    0x10001371   0x00000001   Data   RW         1027    .data               parameter.o
    0x10001372   0x00000001   Data   RW         1028    .data               parameter.o
    0x10001373   0x00000001   Data   RW         1030    .data               parameter.o
    0x10001374   0x00000001   Data   RW         1031    .data               parameter.o
    0x10001375   0x00000001   Data   RW         1032    .data               parameter.o
    0x10001376   0x00000001   Data   RW         1033    .data               parameter.o
    0x10001377   0x00000001   Data   RW         1034    .data               parameter.o
    0x10001378   0x00000001   Data   RW         1035    .data               parameter.o
    0x10001379   0x00000001   Data   RW         1036    .data               parameter.o
    0x1000137a   0x00000001   Data   RW         1037    .data               parameter.o
    0x1000137b   0x00000001   Data   RW         1038    .data               parameter.o
    0x1000137c   0x00000001   Data   RW         1039    .data               parameter.o
    0x1000137d   0x00000001   Data   RW         1040    .data               parameter.o
    0x1000137e   0x00000001   Data   RW         1041    .data               parameter.o
    0x1000137f   0x00000001   Data   RW         1042    .data               parameter.o
    0x10001380   0x00000001   Data   RW         1043    .data               parameter.o
    0x10001381   0x00000001   Data   RW         1044    .data               parameter.o
    0x10001382   0x00000001   Data   RW         1045    .data               parameter.o
    0x10001383   0x00000001   Data   RW         1046    .data               parameter.o
    0x10001384   0x00000001   Data   RW         1047    .data               parameter.o
    0x10001385   0x00000001   Data   RW         1048    .data               parameter.o
    0x10001386   0x00000001   Data   RW         1049    .data               parameter.o
    0x10001387   0x00000001   Data   RW         1050    .data               parameter.o
    0x10001388   0x00000001   Data   RW         1051    .data               parameter.o
    0x10001389   0x00000001   Data   RW         1052    .data               parameter.o
    0x1000138a   0x00000001   Data   RW         1053    .data               parameter.o
    0x1000138b   0x00000001   Data   RW         1054    .data               parameter.o
    0x1000138c   0x00000001   Data   RW         1055    .data               parameter.o
    0x1000138d   0x00000001   Data   RW         1056    .data               parameter.o
    0x1000138e   0x00000001   Data   RW         1057    .data               parameter.o
    0x1000138f   0x00000001   Data   RW         1058    .data               parameter.o
    0x10001390   0x00000001   Data   RW         1059    .data               parameter.o
    0x10001391   0x00000002   Data   RW         1060    .data               parameter.o
    0x10001393   0x00000001   Data   RW         1061    .data               parameter.o
    0x10001394   0x00000001   Data   RW         1062    .data               parameter.o
    0x10001395   0x00000001   Data   RW         1063    .data               parameter.o
    0x10001396   0x00000001   Data   RW         1064    .data               parameter.o
    0x10001397   0x00000001   Data   RW         1065    .data               parameter.o
    0x10001398   0x00000001   Data   RW         1066    .data               parameter.o
    0x10001399   0x00000001   Data   RW         1067    .data               parameter.o
    0x1000139a   0x00000001   Data   RW         1068    .data               parameter.o
    0x1000139b   0x00000001   Data   RW         1069    .data               parameter.o
    0x1000139c   0x00000001   Data   RW         1070    .data               parameter.o
    0x1000139d   0x00000001   Data   RW         1071    .data               parameter.o
    0x1000139e   0x00000001   Data   RW         1072    .data               parameter.o
    0x1000139f   0x00000001   Data   RW         1073    .data               parameter.o
    0x100013a0   0x00000001   Data   RW         1074    .data               parameter.o
    0x100013a1   0x00000001   Data   RW         1075    .data               parameter.o
    0x100013a2   0x00000001   Data   RW         1076    .data               parameter.o
    0x100013a3   0x00000001   Data   RW         1077    .data               parameter.o
    0x100013a4   0x00000001   Data   RW         1078    .data               parameter.o
    0x100013a5   0x00000001   Data   RW         1079    .data               parameter.o
    0x100013a6   0x00000002   PAD
    0x100013a8   0x00000004   Data   RW         1080    .data               parameter.o
    0x100013ac   0x00000004   Data   RW         1081    .data               parameter.o
    0x100013b0   0x00000004   Data   RW         1082    .data               parameter.o
    0x100013b4   0x00000004   Data   RW         1083    .data               parameter.o
    0x100013b8   0x00000004   Data   RW         1084    .data               parameter.o
    0x100013bc   0x00000004   Data   RW         1085    .data               parameter.o
    0x100013c0   0x00000004   Data   RW         1086    .data               parameter.o
    0x100013c4   0x00000004   Data   RW         1087    .data               parameter.o
    0x100013c8   0x00000001   Data   RW         1088    .data               parameter.o
    0x100013c9   0x00000001   PAD
    0x100013ca   0x00000002   Data   RW         1089    .data               parameter.o
    0x100013cc   0x00000002   Data   RW         1090    .data               parameter.o
    0x100013ce   0x00000002   PAD
    0x100013d0   0x00000004   Data   RW         1091    .data               parameter.o
    0x100013d4   0x00000004   Data   RW         1092    .data               parameter.o
    0x100013d8   0x00000004   Data   RW         1093    .data               parameter.o
    0x100013dc   0x00000001   Data   RW         1094    .data               parameter.o
    0x100013dd   0x00000001   Data   RW         1095    .data               parameter.o
    0x100013de   0x00000001   Data   RW         1096    .data               parameter.o
    0x100013df   0x00000001   Data   RW         1097    .data               parameter.o
    0x100013e0   0x00000001   Data   RW         1098    .data               parameter.o
    0x100013e1   0x00000001   Data   RW         1099    .data               parameter.o
    0x100013e2   0x00000001   Data   RW         1100    .data               parameter.o
    0x100013e3   0x00000001   Data   RW         1101    .data               parameter.o
    0x100013e4   0x00000001   Data   RW         1102    .data               parameter.o
    0x100013e5   0x00000001   Data   RW         1103    .data               parameter.o
    0x100013e6   0x00000001   Data   RW         1104    .data               parameter.o
    0x100013e7   0x00000001   PAD
    0x100013e8   0x00000004   Data   RW         1105    .data               parameter.o
    0x100013ec   0x00000001   Data   RW         1106    .data               parameter.o
    0x100013ed   0x00000001   Data   RW         1107    .data               parameter.o
    0x100013ee   0x00000001   Data   RW         1108    .data               parameter.o
    0x100013ef   0x00000001   Data   RW         1109    .data               parameter.o
    0x100013f0   0x00000001   Data   RW         1110    .data               parameter.o
    0x100013f1   0x00000001   Data   RW         1111    .data               parameter.o
    0x100013f2   0x00000001   Data   RW         1112    .data               parameter.o
    0x100013f3   0x00000001   Data   RW         1113    .data               parameter.o
    0x100013f4   0x00000001   Data   RW         1114    .data               parameter.o
    0x100013f5   0x00000001   Data   RW         1115    .data               parameter.o
    0x100013f6   0x00000001   Data   RW         1116    .data               parameter.o
    0x100013f7   0x00000001   Data   RW         1117    .data               parameter.o
    0x100013f8   0x00000001   Data   RW         1118    .data               parameter.o
    0x100013f9   0x00000001   Data   RW         1119    .data               parameter.o
    0x100013fa   0x00000001   Data   RW         1120    .data               parameter.o
    0x100013fb   0x00000001   Data   RW         1121    .data               parameter.o
    0x100013fc   0x00000004   Data   RW         1122    .data               parameter.o
    0x10001400   0x00000004   Data   RW         1123    .data               parameter.o
    0x10001404   0x00000001   Data   RW         1124    .data               parameter.o
    0x10001405   0x00000001   Data   RW         1125    .data               parameter.o
    0x10001406   0x00000001   Data   RW         1126    .data               parameter.o
    0x10001407   0x00000001   Data   RW         1127    .data               parameter.o
    0x10001408   0x00000001   Data   RW         1128    .data               parameter.o
    0x10001409   0x00000001   Data   RW         1129    .data               parameter.o
    0x1000140a   0x00000002   Data   RW         1130    .data               parameter.o
    0x1000140c   0x00000001   Data   RW         1131    .data               parameter.o
    0x1000140d   0x00000001   Data   RW         1133    .data               parameter.o
    0x1000140e   0x00000001   Data   RW         1134    .data               parameter.o
    0x1000140f   0x00000001   Data   RW         1135    .data               parameter.o
    0x10001410   0x00000001   Data   RW         1136    .data               parameter.o
    0x10001411   0x00000001   Data   RW         1137    .data               parameter.o
    0x10001412   0x00000001   Data   RW         1138    .data               parameter.o
    0x10001413   0x00000001   Data   RW         1139    .data               parameter.o
    0x10001414   0x00000002   Data   RW         1140    .data               parameter.o
    0x10001416   0x00000002   Data   RW         1141    .data               parameter.o
    0x10001418   0x00000002   Data   RW         1142    .data               parameter.o
    0x1000141a   0x00000001   Data   RW         1143    .data               parameter.o
    0x1000141b   0x00000001   Data   RW         1144    .data               parameter.o
    0x1000141c   0x00000001   Data   RW         1145    .data               parameter.o
    0x1000141d   0x00000003   PAD
    0x10001420   0x00000004   Data   RW         1146    .data               parameter.o
    0x10001424   0x00000001   Data   RW         1147    .data               parameter.o
    0x10001425   0x00000003   Data   RW         1148    .data               parameter.o
    0x10001428   0x00000004   Data   RW         1149    .data               parameter.o
    0x1000142c   0x00000004   Data   RW         1150    .data               parameter.o
    0x10001430   0x00000004   Data   RW         1151    .data               parameter.o
    0x10001434   0x00000001   Data   RW         1152    .data               parameter.o
    0x10001435   0x00000003   PAD
    0x10001438   0x00000004   Data   RW         1153    .data               parameter.o
    0x1000143c   0x00000002   Data   RW         1154    .data               parameter.o
    0x1000143e   0x00000001   Data   RW         1155    .data               parameter.o
    0x1000143f   0x00000001   Data   RW         1156    .data               parameter.o
    0x10001440   0x00000001   Data   RW         1157    .data               parameter.o
    0x10001441   0x00000001   PAD
    0x10001442   0x00000002   Data   RW         1158    .data               parameter.o
    0x10001444   0x00000004   Data   RW         1159    .data               parameter.o
    0x10001448   0x00000004   Data   RW         1160    .data               parameter.o
    0x1000144c   0x00000004   Data   RW         1161    .data               parameter.o
    0x10001450   0x00000004   Data   RW         1162    .data               parameter.o
    0x10001454   0x00000004   Data   RW         1163    .data               parameter.o
    0x10001458   0x00000001   Data   RW         1164    .data               parameter.o
    0x10001459   0x00000001   Data   RW         1165    .data               parameter.o
    0x1000145a   0x00000001   Data   RW         1166    .data               parameter.o
    0x1000145b   0x00000001   Data   RW         1167    .data               parameter.o
    0x1000145c   0x00000004   Data   RW         1168    .data               parameter.o
    0x10001460   0x00000004   Data   RW         1169    .data               parameter.o
    0x10001464   0x00000007   Data   RW         1170    .data               parameter.o
    0x1000146b   0x00000001   Data   RW         1171    .data               parameter.o
    0x1000146c   0x00000001   Data   RW         1172    .data               parameter.o
    0x1000146d   0x00000001   Data   RW         1173    .data               parameter.o
    0x1000146e   0x00000002   PAD
    0x10001470   0x00000004   Data   RW         1174    .data               parameter.o
    0x10001474   0x00000001   Data   RW         1175    .data               parameter.o
    0x10001475   0x00000001   PAD
    0x10001476   0x00000002   Data   RW         1176    .data               parameter.o
    0x10001478   0x00000008   Data   RW         1178    .data               parameter.o
    0x10001480   0x00000008   Data   RW         1179    .data               parameter.o
    0x10001488   0x00000008   Data   RW         1180    .data               parameter.o
    0x10001490   0x00000008   Data   RW         1182    .data               parameter.o
    0x10001498   0x00000004   Data   RW         1183    .data               parameter.o
    0x1000149c   0x00000001   Data   RW         1184    .data               parameter.o
    0x1000149d   0x00000001   Data   RW         1185    .data               parameter.o
    0x1000149e   0x00000002   Data   RW         1186    .data               parameter.o
    0x100014a0   0x00000002   Data   RW         1187    .data               parameter.o
    0x100014a2   0x00000001   Data   RW         1188    .data               parameter.o
    0x100014a3   0x00000001   Data   RW         1189    .data               parameter.o
    0x100014a4   0x00000001   Data   RW         1190    .data               parameter.o
    0x100014a5   0x00000001   Data   RW         1191    .data               parameter.o
    0x100014a6   0x00000001   Data   RW         1192    .data               parameter.o
    0x100014a7   0x00000001   PAD
    0x100014a8   0x00000002   Data   RW         1193    .data               parameter.o
    0x100014aa   0x00000001   Data   RW         1194    .data               parameter.o
    0x100014ab   0x00000001   Data   RW         1195    .data               parameter.o
    0x100014ac   0x00000001   Data   RW         1196    .data               parameter.o
    0x100014ad   0x00000001   Data   RW         1197    .data               parameter.o
    0x100014ae   0x00000001   Data   RW         1198    .data               parameter.o
    0x100014af   0x00000001   PAD
    0x100014b0   0x00000002   Data   RW         1199    .data               parameter.o
    0x100014b2   0x00000002   Data   RW         1200    .data               parameter.o
    0x100014b4   0x00000001   Data   RW         1201    .data               parameter.o
    0x100014b5   0x00000001   Data   RW         1202    .data               parameter.o
    0x100014b6   0x00000001   Data   RW         1203    .data               parameter.o
    0x100014b7   0x00000001   Data   RW         1204    .data               parameter.o
    0x100014b8   0x00000004   Data   RW         1205    .data               parameter.o
    0x100014bc   0x00000002   Data   RW         1206    .data               parameter.o
    0x100014be   0x00000001   Data   RW         1207    .data               parameter.o
    0x100014bf   0x00000001   PAD
    0x100014c0   0x00000004   Data   RW         1208    .data               parameter.o
    0x100014c4   0x00000004   Data   RW         1209    .data               parameter.o
    0x100014c8   0x00000004   Data   RW         1210    .data               parameter.o
    0x100014cc   0x00000004   Data   RW         1211    .data               parameter.o
    0x100014d0   0x00000007   Data   RW         1212    .data               parameter.o
    0x100014d7   0x00000007   Data   RW         1213    .data               parameter.o
    0x100014de   0x00000001   Data   RW         1214    .data               parameter.o
    0x100014df   0x00000001   Data   RW         1215    .data               parameter.o
    0x100014e0   0x00000001   Data   RW         1216    .data               parameter.o
    0x100014e1   0x00000008   Data   RW         1217    .data               parameter.o
    0x100014e9   0x00000003   PAD
    0x100014ec   0x00000004   Data   RW         1218    .data               parameter.o
    0x100014f0   0x00000004   Data   RW         1219    .data               parameter.o
    0x100014f4   0x00000004   Data   RW         1220    .data               parameter.o
    0x100014f8   0x00000008   Data   RW         1269    .data               relev.o
    0x10001500   0x00000012   Data   RW         1294    .data               rtc.o
    0x10001512   0x00000001   Data   RW         1295    .data               rtc.o
    0x10001513   0x00000001   PAD
    0x10001514   0x00000008   Data   RW         1354    .data               start.o
    0x1000151c   0x00000001   Data   RW         1386    .data               still.o
    0x1000151d   0x00000001   PAD
    0x1000151e   0x00000006   Data   RW         1413    .data               temperature.o
    0x10001524   0x00000010   Data   RW         1443    .data               test.o
    0x10001534   0x0000000c   Data   RW         1594    .data               timer.o
    0x10001540   0x0000000c   Data   RW         1608    .data               tse.o
    0x1000154c   0x00000034   PAD
    0x10001580   0x000001e8   Zero   RW           74    .bss                call.o
    0x10001768   0x00000018   PAD
    0x10001780   0x000000f4   Zero   RW          300    .bss                eeprom.o
    0x10001874   0x0000000c   PAD
    0x10001880   0x00000c30   Zero   RW          424    .bss                history.o
    0x100024b0   0x00000010   PAD
    0x100024c0   0x0000159c   Zero   RW          425    .bss                history.o
    0x10003a5c   0x00000024   PAD
    0x10003a80   0x00000030   Zero   RW          444    .bss                hwtest.o
    0x10003ab0   0x00000010   PAD
    0x10003ac0   0x0000000a   Zero   RW          515    .bss                io.o
    0x10003aca   0x00000036   PAD
    0x10003b00   0x0000000a   Zero   RW          516    .bss                io.o
    0x10003b0a   0x00000036   PAD
    0x10003b40   0x00000050   Zero   RW          578    .bss                lcd.o
    0x10003b90   0x00000030   PAD
    0x10003bc0   0x000000c8   Zero   RW          599    .bss                load.o
    0x10003c88   0x00000038   PAD
    0x10003cc0   0x000000a0   Zero   RW          656    .bss                menu.o
    0x10003d60   0x00000020   PAD
    0x10003d80   0x000005b8   Zero   RW          696    .bss                nice5000.o
    0x10004338   0x00000008   PAD
    0x10004340   0x00000010   Zero   RW          737    .bss                parameter.o
    0x10004350   0x00000030   PAD
    0x10004380   0x000001f4   Zero   RW          738    .bss                parameter.o
    0x10004574   0x0000000c   PAD
    0x10004580   0x000003e8   Zero   RW          739    .bss                parameter.o
    0x10004968   0x00000018   PAD
    0x10004980   0x000003e8   Zero   RW          740    .bss                parameter.o
    0x10004d68   0x00000018   PAD
    0x10004d80   0x000001f4   Zero   RW          741    .bss                parameter.o
    0x10004f74   0x0000000c   PAD
    0x10004f80   0x000001f4   Zero   RW          742    .bss                parameter.o
    0x10005174   0x0000000c   PAD
    0x10005180   0x000001f4   Zero   RW          743    .bss                parameter.o
    0x10005374   0x0000000c   PAD
    0x10005380   0x000001f4   Zero   RW          744    .bss                parameter.o
    0x10005574   0x0000000c   PAD
    0x10005580   0x000001f4   Zero   RW          745    .bss                parameter.o
    0x10005774   0x0000000c   PAD
    0x10005780   0x0000000c   Zero   RW          746    .bss                parameter.o
    0x1000578c   0x00000034   PAD
    0x100057c0   0x00000040   Zero   RW          747    .bss                parameter.o
    0x10005800   0x00000040   Zero   RW          748    .bss                parameter.o
    0x10005840   0x000000a5   Zero   RW          749    .bss                parameter.o
    0x100058e5   0x0000001b   PAD
    0x10005900   0x00000010   Zero   RW          750    .bss                parameter.o
    0x10005910   0x00000030   PAD
    0x10005940   0x00000010   Zero   RW          751    .bss                parameter.o
    0x10005950   0x00000030   PAD
    0x10005980   0x00000010   Zero   RW          752    .bss                parameter.o
    0x10005990   0x00000030   PAD
    0x100059c0   0x00000010   Zero   RW          753    .bss                parameter.o
    0x100059d0   0x00000030   PAD
    0x10005a00   0x00000010   Zero   RW          754    .bss                parameter.o
    0x10005a10   0x00000030   PAD
    0x10005a40   0x00000010   Zero   RW          755    .bss                parameter.o
    0x10005a50   0x00000030   PAD
    0x10005a80   0x00000014   Zero   RW          756    .bss                parameter.o
    0x10005a94   0x0000002c   PAD
    0x10005ac0   0x00000010   Zero   RW          757    .bss                parameter.o
    0x10005ad0   0x00000030   PAD
    0x10005b00   0x0000006e   Zero   RW          758    .bss                parameter.o
    0x10005b6e   0x00000012   PAD
    0x10005b80   0x00000037   Zero   RW          759    .bss                parameter.o
    0x10005bb7   0x00000009   PAD
    0x10005bc0   0x00000037   Zero   RW          760    .bss                parameter.o
    0x10005bf7   0x00000009   PAD
    0x10005c00   0x00000037   Zero   RW          761    .bss                parameter.o
    0x10005c37   0x00000009   PAD
    0x10005c40   0x00000037   Zero   RW          762    .bss                parameter.o
    0x10005c77   0x00000009   PAD
    0x10005c80   0x00000037   Zero   RW          763    .bss                parameter.o
    0x10005cb7   0x00000009   PAD
    0x10005cc0   0x0000006e   Zero   RW          764    .bss                parameter.o
    0x10005d2e   0x00000012   PAD
    0x10005d40   0x00000037   Zero   RW          765    .bss                parameter.o
    0x10005d77   0x00000009   PAD
    0x10005d80   0x000001c0   Zero   RW          766    .bss                parameter.o
    0x10005f40   0x00000014   Zero   RW         1412    .bss                temperature.o
    0x10005f54   0x00000060   Zero   RW         1850    .bss                c_w.l(libspace.o)(c_w.l)
    0x10005fb4   0x00000004   PAD
    0x10005fb8   0x00000000   Zero   RW            2    HEAP                startup_lpc17xx.o


    Execution Region SRAM (Base: 0x2007c000, Size: 0x00007604, Max: 0x00007fe0, ABSOLUTE)

    Base Addr    Size         Type   Attr      Idx    E Section Name        Object

    0x2007c000   0x00004398   Zero   RW         1221    SRAM                parameter.o
    0x20080398   0x00000028   PAD
    0x200803c0   0x00001904   Zero   RW         1222    SRAM                parameter.o
    0x20081cc4   0x0000003c   PAD
    0x20081d00   0x00001904   Zero   RW         1223    SRAM                parameter.o


    Execution Region NOINIT_RAM (Base: 0x20083fe0, Size: 0x00000004, Max: 0xffffffff, OVERLAY)

    Base Addr    Size         Type   Attr      Idx    E Section Name        Object

    0x20083fe0   0x00000002   Data   RW          621    NOINIT_RAM          main.o


==============================================================================

Image component sizes


      Code (inc. data)   RO Data    RW Data    ZI Data      Debug   Object Name

      1040        136          0          0          0          0   arrival.o
      4638        344          0          0        488          0   call.o
      3324        390          0          4          0          0   can.o
      3724        414          0          2          0          0   can_a.o
      2320        246          0          0          0          0   can_b.o
      1428        140          0          8          0          0   can_c.o
       900        122          0          0          0          0   can_err.o
     10780       1302        132         60          0          0   cycle.o
      1620        138          0          0          0          0   dict.o
      1212        136        440          0          0          0   diving.o
       236         44          0          0          0          0   door_op.o
       196         44          0          0          0          0   doortest.o
       320         52          0          0          0          0   drive.o
       936        116          0          0          0          0   drv_err.o
      1028         24          0          8        244          0   eeprom.o
      1668        234          0          0          0          0   em_op.o
       568         62          0          0          0          0   err_rel.o
      2152        176          0          0          0          0   error.o
      1976        178        144         16          0          0   ese.o
      1004         90          0          0          0          0   evac.o
      1236         82        128         12          0          0   exe.o
       328         52          0          0          0          0   hb_err.o
      1528        250          0          0       8652          0   history.o
      3268        298          0         44         48          0   hwtest.o
       396          6          0          0          0          0   i2c.o
      1984        126        528          1          0          0   init.o
      5560        586          0          8          0          0   input.o
      1104        144          0          0          0          0   insp.o
      6940        610       2252         94         20          0   io.o
     10264        726        427          3         80          0   lcd.o
       448         34          0         16        200          0   load.o
      4222        640          0          6          0          0   main.o
      1952         74         64          0          0          0   mcp2515.o
     24660       2360          0         60        160          0   menu.o
       416         80          0          0          0          0   moving.o
      6736        404       5024        182       1464          0   nice5000.o
       100         24          0          0          0          0   no_setup.o
       136          4         18        689      36563          0   parameter.o
      1072        104          0          0          0          0   pos.o
       496         70          0          8          0          0   relev.o
      1080        102          0          0          0          0   res_trip.o
       716         20          0         19          0          0   rtc.o
       460         68          0          0          0          0   sc_error.o
      5728        134          0          0          0          0   set_para.o
      1500        162          0          0          0          0   sp_trip.o
      1284        176          0          8          0          0   start.o
       260        228          0          0       4096          0   startup_lpc17xx.o
      3036        290        472          0          0          0   state.o
      8052        900          0          1          0          0   still.o
      1364        138          0          0          0          0   teach.o
       212         16          0          6         20          0   temperature.o
       356         48          0          0          0          0   term.o
      6880        296          0         16          0          0   test.o
         0          0      54055          0          0          0   text.o
      4084        642          0         12          0          0   timer.o
      1356        100        160         12          0          0   tse.o
         0          0         40          0          0          0   version.o
        72         18          0          0          0          0   wait.o

    ----------------------------------------------------------------------
    150360      14400      63954       1360      53260          0   Object Totals
         0          0         64          0          0          0   (incl. Generated)
         4          0          6         65       1225          3   (incl. Padding)

    ----------------------------------------------------------------------

      Code (inc. data)   RO Data    RW Data    ZI Data      Debug   Library Member Name

        60          8          0          0          0          0   __0sscanf.o
        44          6          0          0          0          0   __2sprintf.o
        90          0          0          0          0          0   __dczerorl2.o
         8          0          0          0          0          0   __main.o
       412          6         17          0          0          0   __printf_flags_ss_wp.o
        52          8          0          0          0          0   __scatter.o
        28          0          0          0          0          0   __scatter_zi.o
        32          0          0          0          0          0   _chval.o
         6          0          0          0          0          0   _printf_c.o
        44          0          0          0          0          0   _printf_char.o
        48          6          0          0          0          0   _printf_char_common.o
         6          0          0          0          0          0   _printf_d.o
       116         18          0          0          0          0   _printf_dec.o
         6          0          0          0          0          0   _printf_f.o
      1038          0          0          0          0          0   _printf_fp_dec.o
       124         16          0          0          0          0   _printf_fp_infnan.o
        92          4         40          0          0          0   _printf_hex_int.o
       180          0          0          0          0          0   _printf_intcommon.o
        80          0          0          0          0          0   _printf_pad.o
         0          0          0          0          0          0   _printf_percent.o
         4          0          0          0          0          0   _printf_percent_end.o
         6          0          0          0          0          0   _printf_s.o
        82          0          0          0          0          0   _printf_str.o
         6          0          0          0          0          0   _printf_u.o
         6          0          0          0          0          0   _printf_x.o
       904          4          0          0          0          0   _scanf.o
       334          0          0          0          0          0   _scanf_int.o
        64          0          0          0          0          0   _sgetc.o
        10          0          0          0          0          0   _sputc.o
       236          6        148          0          0          0   bigflt0.o
      1910        128          0          0          0          0   btod.o
        12          0          0          0          0          0   exit.o
         6          0          0          0          0          0   heapauxi.o
        18          0          0          0          0          0   isspace.o
        44         10        272          0          0          0   lc_ctype_c.o
        44         10         28          0          0          0   lc_numeric_c.o
         6          0          0          0          0          0   libinit.o
        30          0          0          0          0          0   libinit2.o
         2          0          0          0          0          0   libshutdown.o
         2          0          0          0          0          0   libshutdown2.o
         8          4          0          0         96          0   libspace.o
       138          0          0          0          0          0   lludiv10.o
        16          4          0          0          0          0   rt_ctype_table.o
        12          4          0          0          0          0   rt_fp_status_addr_intlibspace.o
        12          4          0          0          0          0   rt_locale_intlibspace.o
        68          0          0          0          0          0   rt_memclr.o
        78          0          0          0          0          0   rt_memclr_w.o
       100          0          0          0          0          0   rt_memcpy_w.o
         0          0          0          0          0          0   rtentry.o
        12          0          0          0          0          0   rtentry2.o
         6          0          0          0          0          0   rtentry4.o
         2          0          0          0          0          0   rtexit.o
        10          0          0          0          0          0   rtexit2.o
        16          0          0          0          0          0   rtudiv10.o
        48         10          0          0          0          0   scanf_char.o
       128          0          0          0          0          0   strcmpv7m.o
        72          0          0          0          0          0   strcpy.o
        62          0          0          0          0          0   strlen.o
        12          4          0          0          0          0   sys_exit.o
        74          0          0          0          0          0   sys_stackheap_outer.o
         2          0          0          0          0          0   use_no_semi.o
        12          0          0          0          0          0   dretinf.o
        86          4          0          0          0          0   f2d.o
       430          8          0          0          0          0   faddsub_clz.o
       388         76          0          0          0          0   fdiv.o
        62          4          0          0          0          0   ffixu.o
        38          0          0          0          0          0   fflt_clz.o
       258          4          0          0          0          0   fmul.o
       140          4          0          0          0          0   fnaninf.o
        14          0          0          0          0          0   fpinit.o
        10          0          0          0          0          0   fretinf.o
         4          0          0          0          0          0   printf1.o
         0          0          0          0          0          0   usenofp.o
        40          0          0          0          0          0   fpclassify.o

    ----------------------------------------------------------------------
      8574        360        508          0        100          0   Library Totals
        24          0          3          0          4          0   (incl. Padding)

    ----------------------------------------------------------------------

      Code (inc. data)   RO Data    RW Data    ZI Data      Debug   Library Name

      7068        260        505          0         96       4100   c_w.l
      1442        100          0          0          0        948   fz_ws.l
        40          0          0          0          0         68   m_ws.l

    ----------------------------------------------------------------------
      8574        360        508          0        100          0   Library Totals

    ----------------------------------------------------------------------

==============================================================================


      Code (inc. data)   RO Data    RW Data    ZI Data      Debug   

    158934      14760      64462       1360      53360     389132   Grand Totals
    158934      14760      64462        132      53360     389132   ELF Image Totals (compressed)
    158934      14760      64462        132          0          0   ROM Totals

==============================================================================

    Total RO  Size (Code + RO Data)               223396 ( 218.16kB)
    Total RW  Size (RW Data + ZI Data)             54720 (  53.44kB)
    Total ROM Size (Code + RO Data + RW Data)     223528 ( 218.29kB)

==============================================================================

